// Jest Snapshot v1, https://goo.gl/fbAQLP

exports[`FollowerArticles rendered correctly 1`] = `
<View>
  <View
    style={
      {
        "flexDirection": "row",
        "justifyContent": "space-between",
        "paddingVertical": 8,
      }
    }
  >
    <View
      style={
        {
          "flexDirection": "row",
        }
      }
    >
      <View
        style={
          {
            "alignItems": "center",
            "backgroundColor": "#1566c2",
            "borderRadius": 12,
            "height": 20,
            "justifyContent": "center",
            "marginRight": 8,
            "width": 20,
          }
        }
      >
        <Text
          allowFontScaling={false}
          selectable={false}
          style={
            [
              {
                "color": "#fff",
                "fontSize": 12,
              },
              undefined,
              {
                "fontFamily": "anticon",
                "fontStyle": "normal",
                "fontWeight": "normal",
              },
              {},
            ]
          }
        >
          
        </Text>
      </View>
      <Text>
        10
      </Text>
    </View>
    <View>
      <Text>
        10 comments
      </Text>
    </View>
  </View>
  <View
    style={
      {
        "backgroundColor": "#f3f2ee",
        "height": 1,
      }
    }
  />
  <View>
    <View
      style={
        {
          "flexDirection": "row",
          "justifyContent": "space-between",
          "padding": 4,
        }
      }
    >
      <View
        accessibilityState={
          {
            "busy": undefined,
            "checked": undefined,
            "disabled": undefined,
            "expanded": undefined,
            "selected": undefined,
          }
        }
        accessibilityValue={
          {
            "max": undefined,
            "min": undefined,
            "now": undefined,
            "text": undefined,
          }
        }
        accessible={true}
        collapsable={false}
        focusable={true}
        onClick={[Function]}
        onResponderGrant={[Function]}
        onResponderMove={[Function]}
        onResponderRelease={[Function]}
        onResponderTerminate={[Function]}
        onResponderTerminationRequest={[Function]}
        onStartShouldSetResponder={[Function]}
        style={
          {
            "opacity": 1,
          }
        }
      >
        <View
          style={
            {
              "alignItems": "center",
              "flex": 1,
              "height": 24,
              "justifyContent": "space-between",
            }
          }
        >
          <View
            style={
              {
                "alignItems": "center",
                "height": 20,
                "justifyContent": "center",
                "width": 20,
              }
            }
          >
            <Text
              allowFontScaling={false}
              selectable={false}
              style={
                [
                  {
                    "color": "#1566c2",
                    "fontSize": 16,
                  },
                  undefined,
                  {
                    "fontFamily": "anticon",
                    "fontStyle": "normal",
                    "fontWeight": "normal",
                  },
                  {},
                ]
              }
            >
              
            </Text>
          </View>
          <Text
            style={
              {
                "fontWeight": "600",
              }
            }
          >
            Like
          </Text>
        </View>
      </View>
      <View
        accessibilityState={
          {
            "busy": undefined,
            "checked": undefined,
            "disabled": undefined,
            "expanded": undefined,
            "selected": undefined,
          }
        }
        accessibilityValue={
          {
            "max": undefined,
            "min": undefined,
            "now": undefined,
            "text": undefined,
          }
        }
        accessible={true}
        collapsable={false}
        focusable={true}
        onClick={[Function]}
        onResponderGrant={[Function]}
        onResponderMove={[Function]}
        onResponderRelease={[Function]}
        onResponderTerminate={[Function]}
        onResponderTerminationRequest={[Function]}
        onStartShouldSetResponder={[Function]}
        style={
          {
            "opacity": 1,
          }
        }
      >
        <View
          style={
            {
              "alignItems": "center",
              "flex": 1,
              "height": 24,
              "justifyContent": "space-between",
            }
          }
        >
          <View
            style={
              {
                "alignItems": "center",
                "height": 20,
                "justifyContent": "center",
                "width": 20,
              }
            }
          >
            <Text
              allowFontScaling={false}
              selectable={false}
              style={
                [
                  {
                    "color": undefined,
                    "fontSize": 16,
                  },
                  undefined,
                  {
                    "fontFamily": "fontcustom",
                    "fontStyle": "normal",
                    "fontWeight": "normal",
                  },
                  {},
                ]
              }
            >
              
            </Text>
          </View>
          <Text
            style={
              {
                "fontWeight": "600",
              }
            }
          >
            Repost
          </Text>
        </View>
      </View>
      <View
        accessibilityState={
          {
            "busy": undefined,
            "checked": undefined,
            "disabled": undefined,
            "expanded": undefined,
            "selected": undefined,
          }
        }
        accessibilityValue={
          {
            "max": undefined,
            "min": undefined,
            "now": undefined,
            "text": undefined,
          }
        }
        accessible={true}
        collapsable={false}
        focusable={true}
        onClick={[Function]}
        onResponderGrant={[Function]}
        onResponderMove={[Function]}
        onResponderRelease={[Function]}
        onResponderTerminate={[Function]}
        onResponderTerminationRequest={[Function]}
        onStartShouldSetResponder={[Function]}
        style={
          {
            "opacity": 1,
          }
        }
      >
        <View
          style={
            {
              "alignItems": "center",
              "flex": 1,
              "height": 24,
              "justifyContent": "space-between",
            }
          }
        >
          <View
            style={
              {
                "alignItems": "center",
                "height": 20,
                "justifyContent": "center",
                "width": 20,
              }
            }
          >
            <Text
              allowFontScaling={false}
              selectable={false}
              style={
                [
                  {
                    "color": undefined,
                    "fontSize": 16,
                  },
                  undefined,
                  {
                    "fontFamily": "FontAwesome",
                    "fontStyle": "normal",
                    "fontWeight": "normal",
                  },
                  {},
                ]
              }
            >
              
            </Text>
          </View>
          <Text
            style={
              {
                "fontWeight": "600",
              }
            }
          >
            Comment
          </Text>
        </View>
      </View>
      <View
        accessibilityState={
          {
            "busy": undefined,
            "checked": undefined,
            "disabled": undefined,
            "expanded": undefined,
            "selected": undefined,
          }
        }
        accessibilityValue={
          {
            "max": undefined,
            "min": undefined,
            "now": undefined,
            "text": undefined,
          }
        }
        accessible={true}
        collapsable={false}
        focusable={true}
        onClick={[Function]}
        onResponderGrant={[Function]}
        onResponderMove={[Function]}
        onResponderRelease={[Function]}
        onResponderTerminate={[Function]}
        onResponderTerminationRequest={[Function]}
        onStartShouldSetResponder={[Function]}
        style={
          {
            "opacity": 1,
          }
        }
      >
        <View
          style={
            {
              "alignItems": "center",
              "flex": 1,
              "height": 24,
              "justifyContent": "space-between",
            }
          }
        >
          <View
            style={
              {
                "alignItems": "center",
                "height": 20,
                "justifyContent": "center",
                "width": 20,
              }
            }
          >
            <Text
              allowFontScaling={false}
              selectable={false}
              style={
                [
                  {
                    "color": undefined,
                    "fontSize": 16,
                  },
                  undefined,
                  {
                    "fontFamily": "FontAwesome",
                    "fontStyle": "normal",
                    "fontWeight": "normal",
                  },
                  {},
                ]
              }
            >
              
            </Text>
          </View>
          <Text
            style={
              {
                "fontWeight": "600",
              }
            }
          >
            Send
          </Text>
        </View>
      </View>
    </View>
  </View>
</View>
`;
