// Jest Snapshot v1, https://goo.gl/fbAQLP

exports[`FollowerArticles rendered correctly 1`] = `
<View
  accessibilityState={
    {
      "busy": undefined,
      "checked": undefined,
      "disabled": undefined,
      "expanded": undefined,
      "selected": undefined,
    }
  }
  accessibilityValue={
    {
      "max": undefined,
      "min": undefined,
      "now": undefined,
      "text": undefined,
    }
  }
  accessible={true}
  collapsable={false}
  focusable={true}
  onClick={[Function]}
  onResponderGrant={[Function]}
  onResponderMove={[Function]}
  onResponderRelease={[Function]}
  onResponderTerminate={[Function]}
  onResponderTerminationRequest={[Function]}
  onStartShouldSetResponder={[Function]}
  style={
    {
      "opacity": 1,
    }
  }
>
  <View
    style={
      {
        "alignItems": "center",
        "flex": 1,
        "height": 24,
        "justifyContent": "space-between",
      }
    }
  >
    <View
      style={
        {
          "alignItems": "center",
          "height": 20,
          "justifyContent": "center",
          "width": 20,
        }
      }
    >
      <Text
        allowFontScaling={false}
        selectable={false}
        style={
          [
            {
              "color": "#1566c2",
              "fontSize": 16,
            },
            undefined,
            {
              "fontFamily": "anticon",
              "fontStyle": "normal",
              "fontWeight": "normal",
            },
            {},
          ]
        }
      >
        î™Œ
      </Text>
    </View>
    <Text
      style={
        {
          "fontWeight": "600",
        }
      }
    >
      Like
    </Text>
  </View>
</View>
`;
