// Jest Snapshot v1, https://goo.gl/fbAQLP

exports[`ArticleCard rendered correctly 1`] = `
<View
  style={
    {
      "backgroundColor": "#fff",
      "marginBottom": 16,
      "padding": 16,
    }
  }
>
  <View
    style={
      {
        "flexDirection": "row",
        "width": "100%",
      }
    }
  >
    <View
      style={
        {
          "alignItems": "center",
          "justifyContent": "center",
        }
      }
    >
      <Image
        accessibilityState={
          {
            "busy": undefined,
            "checked": undefined,
            "disabled": undefined,
            "expanded": undefined,
            "selected": undefined,
          }
        }
        accessible={true}
        focusable={true}
        onClick={[Function]}
        onResponderGrant={[Function]}
        onResponderMove={[Function]}
        onResponderRelease={[Function]}
        onResponderTerminate={[Function]}
        onResponderTerminationRequest={[Function]}
        onStartShouldSetResponder={[Function]}
        source={
          {
            "uri": "https://randomuser.me/api/portraits/thumb/men/1.jpg",
          }
        }
        style={
          [
            {
              "height": 24,
              "width": 24,
            },
            {
              "height": 30,
              "width": 30,
            },
            false,
            undefined,
          ]
        }
      />
    </View>
    <View
      style={
        {
          "flex": 1,
          "marginLeft": 4,
        }
      }
    >
      <Text>
        Alice
      </Text>
      <Text>
        10-03-22
      </Text>
    </View>
    <View
      style={{}}
    >
      <Text
        allowFontScaling={false}
        selectable={false}
        style={
          [
            {
              "color": undefined,
              "fontSize": 12,
            },
            undefined,
            {
              "fontFamily": "Entypo",
              "fontStyle": "normal",
              "fontWeight": "normal",
            },
            {},
          ]
        }
      >
        
      </Text>
    </View>
  </View>
  <View
    style={
      {
        "marginTop": 8,
      }
    }
  >
    <Text
      style={
        {
          "fontSize": 14,
          "lineHeight": 16,
        }
      }
    >
      In this article, we explore the numerous benefits of practicing yoga, including improved flexibility, stress relief, and mental clarity.
    </Text>
    <View
      style={
        {
          "backgroundColor": "#f8f9f9",
          "marginHorizontal": -16,
          "marginTop": 8,
          "paddingBottom": 16,
        }
      }
    >
      <Image
        source={
          {
            "uri": "https://picsum.photos/id/22/600/300",
          }
        }
        style={
          {
            "height": 220,
            "width": "100%",
          }
        }
      />
      <Text
        style={
          {
            "fontWeight": "700",
            "padding": 16,
          }
        }
      >
        The Benefits of Yoga for Mind and Body
      </Text>
    </View>
  </View>
  <View>
    <View
      style={
        {
          "flexDirection": "row",
          "justifyContent": "space-between",
          "paddingVertical": 8,
        }
      }
    >
      <View
        style={
          {
            "flexDirection": "row",
          }
        }
      >
        <View
          style={
            {
              "alignItems": "center",
              "backgroundColor": "#1566c2",
              "borderRadius": 12,
              "height": 20,
              "justifyContent": "center",
              "marginRight": 8,
              "width": 20,
            }
          }
        >
          <Text
            allowFontScaling={false}
            selectable={false}
            style={
              [
                {
                  "color": "#fff",
                  "fontSize": 12,
                },
                undefined,
                {
                  "fontFamily": "anticon",
                  "fontStyle": "normal",
                  "fontWeight": "normal",
                },
                {},
              ]
            }
          >
            
          </Text>
        </View>
        <Text>
          16
        </Text>
      </View>
      <View>
        <Text>
          15 comments
        </Text>
      </View>
    </View>
    <View
      style={
        {
          "backgroundColor": "#f3f2ee",
          "height": 1,
        }
      }
    />
    <View>
      <View
        style={
          {
            "flexDirection": "row",
            "justifyContent": "space-between",
            "padding": 4,
          }
        }
      >
        <View
          accessibilityState={
            {
              "busy": undefined,
              "checked": undefined,
              "disabled": undefined,
              "expanded": undefined,
              "selected": undefined,
            }
          }
          accessibilityValue={
            {
              "max": undefined,
              "min": undefined,
              "now": undefined,
              "text": undefined,
            }
          }
          accessible={true}
          collapsable={false}
          focusable={true}
          onClick={[Function]}
          onResponderGrant={[Function]}
          onResponderMove={[Function]}
          onResponderRelease={[Function]}
          onResponderTerminate={[Function]}
          onResponderTerminationRequest={[Function]}
          onStartShouldSetResponder={[Function]}
          style={
            {
              "opacity": 1,
            }
          }
        >
          <View
            style={
              {
                "alignItems": "center",
                "flex": 1,
                "height": 24,
                "justifyContent": "space-between",
              }
            }
          >
            <View
              style={
                {
                  "alignItems": "center",
                  "height": 20,
                  "justifyContent": "center",
                  "width": 20,
                }
              }
            >
              <Text
                allowFontScaling={false}
                selectable={false}
                style={
                  [
                    {
                      "color": "#1566c2",
                      "fontSize": 16,
                    },
                    undefined,
                    {
                      "fontFamily": "anticon",
                      "fontStyle": "normal",
                      "fontWeight": "normal",
                    },
                    {},
                  ]
                }
              >
                
              </Text>
            </View>
            <Text
              style={
                {
                  "fontWeight": "600",
                }
              }
            >
              Like
            </Text>
          </View>
        </View>
        <View
          accessibilityState={
            {
              "busy": undefined,
              "checked": undefined,
              "disabled": undefined,
              "expanded": undefined,
              "selected": undefined,
            }
          }
          accessibilityValue={
            {
              "max": undefined,
              "min": undefined,
              "now": undefined,
              "text": undefined,
            }
          }
          accessible={true}
          collapsable={false}
          focusable={true}
          onClick={[Function]}
          onResponderGrant={[Function]}
          onResponderMove={[Function]}
          onResponderRelease={[Function]}
          onResponderTerminate={[Function]}
          onResponderTerminationRequest={[Function]}
          onStartShouldSetResponder={[Function]}
          style={
            {
              "opacity": 1,
            }
          }
        >
          <View
            style={
              {
                "alignItems": "center",
                "flex": 1,
                "height": 24,
                "justifyContent": "space-between",
              }
            }
          >
            <View
              style={
                {
                  "alignItems": "center",
                  "height": 20,
                  "justifyContent": "center",
                  "width": 20,
                }
              }
            >
              <Text
                allowFontScaling={false}
                selectable={false}
                style={
                  [
                    {
                      "color": undefined,
                      "fontSize": 16,
                    },
                    undefined,
                    {
                      "fontFamily": "fontcustom",
                      "fontStyle": "normal",
                      "fontWeight": "normal",
                    },
                    {},
                  ]
                }
              >
                
              </Text>
            </View>
            <Text
              style={
                {
                  "fontWeight": "600",
                }
              }
            >
              Repost
            </Text>
          </View>
        </View>
        <View
          accessibilityState={
            {
              "busy": undefined,
              "checked": undefined,
              "disabled": undefined,
              "expanded": undefined,
              "selected": undefined,
            }
          }
          accessibilityValue={
            {
              "max": undefined,
              "min": undefined,
              "now": undefined,
              "text": undefined,
            }
          }
          accessible={true}
          collapsable={false}
          focusable={true}
          onClick={[Function]}
          onResponderGrant={[Function]}
          onResponderMove={[Function]}
          onResponderRelease={[Function]}
          onResponderTerminate={[Function]}
          onResponderTerminationRequest={[Function]}
          onStartShouldSetResponder={[Function]}
          style={
            {
              "opacity": 1,
            }
          }
        >
          <View
            style={
              {
                "alignItems": "center",
                "flex": 1,
                "height": 24,
                "justifyContent": "space-between",
              }
            }
          >
            <View
              style={
                {
                  "alignItems": "center",
                  "height": 20,
                  "justifyContent": "center",
                  "width": 20,
                }
              }
            >
              <Text
                allowFontScaling={false}
                selectable={false}
                style={
                  [
                    {
                      "color": undefined,
                      "fontSize": 16,
                    },
                    undefined,
                    {
                      "fontFamily": "FontAwesome",
                      "fontStyle": "normal",
                      "fontWeight": "normal",
                    },
                    {},
                  ]
                }
              >
                
              </Text>
            </View>
            <Text
              style={
                {
                  "fontWeight": "600",
                }
              }
            >
              Comment
            </Text>
          </View>
        </View>
        <View
          accessibilityState={
            {
              "busy": undefined,
              "checked": undefined,
              "disabled": undefined,
              "expanded": undefined,
              "selected": undefined,
            }
          }
          accessibilityValue={
            {
              "max": undefined,
              "min": undefined,
              "now": undefined,
              "text": undefined,
            }
          }
          accessible={true}
          collapsable={false}
          focusable={true}
          onClick={[Function]}
          onResponderGrant={[Function]}
          onResponderMove={[Function]}
          onResponderRelease={[Function]}
          onResponderTerminate={[Function]}
          onResponderTerminationRequest={[Function]}
          onStartShouldSetResponder={[Function]}
          style={
            {
              "opacity": 1,
            }
          }
        >
          <View
            style={
              {
                "alignItems": "center",
                "flex": 1,
                "height": 24,
                "justifyContent": "space-between",
              }
            }
          >
            <View
              style={
                {
                  "alignItems": "center",
                  "height": 20,
                  "justifyContent": "center",
                  "width": 20,
                }
              }
            >
              <Text
                allowFontScaling={false}
                selectable={false}
                style={
                  [
                    {
                      "color": undefined,
                      "fontSize": 16,
                    },
                    undefined,
                    {
                      "fontFamily": "FontAwesome",
                      "fontStyle": "normal",
                      "fontWeight": "normal",
                    },
                    {},
                  ]
                }
              >
                
              </Text>
            </View>
            <Text
              style={
                {
                  "fontWeight": "600",
                }
              }
            >
              Send
            </Text>
          </View>
        </View>
      </View>
    </View>
  </View>
</View>
`;
